// Jest Snapshot v1, https://goo.gl/fbAQLP

exports[`Render App 1`] = `
<div
  className="catalog__movies-list"
>
  <article
    className="small-movie-card catalog__movies-card"
  >
    <video
      className="player__video--play"
      disabled={true}
      muted="muted"
      onMouseOut={[Function]}
      onMouseOver={[Function]}
      poster="img/dardjeeling-limited.jpg"
      src="https://download.blender.org/durian/trailer/sintel_trailer-480p.mp4"
      width="250"
    />
    <h3
      className="small-movie-card__title"
    >
      <a
        className="small-movie-card__link"
        href="movie-page.html"
      >
        Fantastic Beasts: The Crimes of Grindelwald
      </a>
    </h3>
  </article>
  <article
    className="small-movie-card catalog__movies-card"
  >
    <video
      className="player__video--play"
      disabled={true}
      muted="muted"
      onMouseOut={[Function]}
      onMouseOver={[Function]}
      poster="img/dardjeeling-limited.jpg"
      src="https://download.blender.org/durian/trailer/sintel_trailer-480p.mp4"
      width="250"
    />
    <h3
      className="small-movie-card__title"
    >
      <a
        className="small-movie-card__link"
        href="movie-page.html"
      >
        Bohemian Rhapsody
      </a>
    </h3>
  </article>
  <article
    className="small-movie-card catalog__movies-card"
  >
    <video
      className="player__video--play"
      disabled={true}
      muted="muted"
      onMouseOut={[Function]}
      onMouseOver={[Function]}
      poster="img/dardjeeling-limited.jpg"
      src="https://download.blender.org/durian/trailer/sintel_trailer-480p.mp4"
      width="250"
    />
    <h3
      className="small-movie-card__title"
    >
      <a
        className="small-movie-card__link"
        href="movie-page.html"
      >
        Macbeth
      </a>
    </h3>
  </article>
  <article
    className="small-movie-card catalog__movies-card"
  >
    <video
      className="player__video--play"
      disabled={true}
      muted="muted"
      onMouseOut={[Function]}
      onMouseOver={[Function]}
      poster="img/dardjeeling-limited.jpg"
      src="https://download.blender.org/durian/trailer/sintel_trailer-480p.mp4"
      width="250"
    />
    <h3
      className="small-movie-card__title"
    >
      <a
        className="small-movie-card__link"
        href="movie-page.html"
      >
        Aviator
      </a>
    </h3>
  </article>
  <article
    className="small-movie-card catalog__movies-card"
  >
    <video
      className="player__video--play"
      disabled={true}
      muted="muted"
      onMouseOut={[Function]}
      onMouseOver={[Function]}
      poster="img/dardjeeling-limited.jpg"
      src="https://download.blender.org/durian/trailer/sintel_trailer-480p.mp4"
      width="250"
    />
    <h3
      className="small-movie-card__title"
    >
      <a
        className="small-movie-card__link"
        href="movie-page.html"
      >
        We need to talk about Kevin
      </a>
    </h3>
  </article>
  <article
    className="small-movie-card catalog__movies-card"
  >
    <video
      className="player__video--play"
      disabled={true}
      muted="muted"
      onMouseOut={[Function]}
      onMouseOver={[Function]}
      poster="img/dardjeeling-limited.jpg"
      src="https://download.blender.org/durian/trailer/sintel_trailer-480p.mp4"
      width="250"
    />
    <h3
      className="small-movie-card__title"
    >
      <a
        className="small-movie-card__link"
        href="movie-page.html"
      >
        What We Do in the Shadows
      </a>
    </h3>
  </article>
  <article
    className="small-movie-card catalog__movies-card"
  >
    <video
      className="player__video--play"
      disabled={true}
      muted="muted"
      onMouseOut={[Function]}
      onMouseOver={[Function]}
      poster="img/dardjeeling-limited.jpg"
      src="https://download.blender.org/durian/trailer/sintel_trailer-480p.mp4"
      width="250"
    />
    <h3
      className="small-movie-card__title"
    >
      <a
        className="small-movie-card__link"
        href="movie-page.html"
      >
        Revenant
      </a>
    </h3>
  </article>
  <article
    className="small-movie-card catalog__movies-card"
  >
    <video
      className="player__video--play"
      disabled={true}
      muted="muted"
      onMouseOut={[Function]}
      onMouseOver={[Function]}
      poster="img/dardjeeling-limited.jpg"
      src="https://download.blender.org/durian/trailer/sintel_trailer-480p.mp4"
      width="250"
    />
    <h3
      className="small-movie-card__title"
    >
      <a
        className="small-movie-card__link"
        href="movie-page.html"
      >
        Johnny English
      </a>
    </h3>
  </article>
</div>
`;
