// Jest Snapshot v1, https://goo.gl/fbAQLP

exports[`<FullVideoPlayer /> should render correctly 1`] = `
<div
  className="player"
  style={
    Object {
      "zIndex": 10,
    }
  }
>
  <button
    className="player__exit"
    onClick={[Function]}
    type="button"
  >
    Exit
  </button>
  <div
    className="player__controls"
  >
    <div
      className="player__controls-row"
    >
      <div
        className="player__time"
      >
        <progress
          className="player__progress"
          max="100"
          value="0"
        />
        <div
          className="player__toggler"
          style={
            Object {
              "left": "14px",
            }
          }
        >
          Toggler
        </div>
      </div>
      <div
        className="player__time-value"
      >
        0
      </div>
    </div>
    <div
      className="player__controls-row"
    >
      <button
        className="player__play"
        type="button"
      >
        <svg
          height="19"
          viewBox="0 0 19 19"
          width="19"
        >
          <use
            xlinkHref="#play-s"
          />
        </svg>
        <span>
          Play
        </span>
      </button>
      <div
        className="player__name"
      >
        The Grand Budapest Hotel
      </div>
      <button
        className="player__full-screen"
        type="button"
      >
        <svg
          height="27"
          viewBox="0 0 27 27"
          width="27"
        >
          <use
            xlinkHref="#full-screen"
          />
        </svg>
        <span>
          Full screen
        </span>
      </button>
    </div>
  </div>
</div>
`;
