// Jest Snapshot v1, https://goo.gl/fbAQLP

exports[`Render MyList 1`] = `
<div
  className="user-page"
>
  <header
    className="page-header user-page__head"
  >
    <div
      className="logo"
    >
      <a
        className="logo__link"
        href="/"
        onClick={[Function]}
      >
        <span
          className="logo__letter logo__letter--1"
        >
          W
        </span>
        <span
          className="logo__letter logo__letter--2"
        >
          T
        </span>
        <span
          className="logo__letter logo__letter--3"
        >
          W
        </span>
      </a>
    </div>
    <h1
      className="page-title user-page__title"
    >
      My list
    </h1>
    <div
      className="user-block"
    >
      <a
        href="/mylist"
        onClick={[Function]}
      >
        <div
          className="user-block__avatar"
        >
          <img
            alt="User avatar"
            height="63"
            src=""
            width="63"
          />
        </div>
      </a>
    </div>
  </header>
  <section
    className="catalog"
  >
    <h2
      className="catalog__title visually-hidden"
    >
      Catalog
    </h2>
    <div
      className="catalog__movies-list"
    >
      <article
        className="small-movie-card catalog__movies-card"
        onClick={[Function]}
      >
        <video
          height="175"
          width="250"
        />
        <h3
          className="small-movie-card__title"
        >
          <a
            className="small-movie-card__link"
            href="/films/mock-test-011"
            onClick={[Function]}
          />
        </h3>
      </article>
      <article
        className="small-movie-card catalog__movies-card"
        onClick={[Function]}
      >
        <video
          height="175"
          width="250"
        />
        <h3
          className="small-movie-card__title"
        >
          <a
            className="small-movie-card__link"
            href="/films/mock-test-012"
            onClick={[Function]}
          />
        </h3>
      </article>
      <article
        className="small-movie-card catalog__movies-card"
        onClick={[Function]}
      >
        <video
          height="175"
          width="250"
        />
        <h3
          className="small-movie-card__title"
        >
          <a
            className="small-movie-card__link"
            href="/films/mock-test-013"
            onClick={[Function]}
          />
        </h3>
      </article>
      <article
        className="small-movie-card catalog__movies-card"
        onClick={[Function]}
      >
        <video
          height="175"
          width="250"
        />
        <h3
          className="small-movie-card__title"
        >
          <a
            className="small-movie-card__link"
            href="/films/mock-test-014"
            onClick={[Function]}
          />
        </h3>
      </article>
      <article
        className="small-movie-card catalog__movies-card"
        onClick={[Function]}
      >
        <video
          height="175"
          width="250"
        />
        <h3
          className="small-movie-card__title"
        >
          <a
            className="small-movie-card__link"
            href="/films/mock-test-015"
            onClick={[Function]}
          />
        </h3>
      </article>
      <article
        className="small-movie-card catalog__movies-card"
        onClick={[Function]}
      >
        <video
          height="175"
          width="250"
        />
        <h3
          className="small-movie-card__title"
        >
          <a
            className="small-movie-card__link"
            href="/films/mock-test-016"
            onClick={[Function]}
          />
        </h3>
      </article>
      <article
        className="small-movie-card catalog__movies-card"
        onClick={[Function]}
      >
        <video
          height="175"
          width="250"
        />
        <h3
          className="small-movie-card__title"
        >
          <a
            className="small-movie-card__link"
            href="/films/mock-test-017"
            onClick={[Function]}
          />
        </h3>
      </article>
      <article
        className="small-movie-card catalog__movies-card"
        onClick={[Function]}
      >
        <video
          height="175"
          width="250"
        />
        <h3
          className="small-movie-card__title"
        >
          <a
            className="small-movie-card__link"
            href="/films/mock-test-018"
            onClick={[Function]}
          />
        </h3>
      </article>
      <article
        className="small-movie-card catalog__movies-card"
        onClick={[Function]}
      >
        <video
          height="175"
          width="250"
        />
        <h3
          className="small-movie-card__title"
        >
          <a
            className="small-movie-card__link"
            href="/films/mock-test-019"
            onClick={[Function]}
          />
        </h3>
      </article>
      <article
        className="small-movie-card catalog__movies-card"
        onClick={[Function]}
      >
        <video
          height="175"
          width="250"
        />
        <h3
          className="small-movie-card__title"
        >
          <a
            className="small-movie-card__link"
            href="/films/mock-test-020"
            onClick={[Function]}
          />
        </h3>
      </article>
      <article
        className="small-movie-card catalog__movies-card"
        onClick={[Function]}
      >
        <video
          height="175"
          width="250"
        />
        <h3
          className="small-movie-card__title"
        >
          <a
            className="small-movie-card__link"
            href="/films/mock-test-021"
            onClick={[Function]}
          />
        </h3>
      </article>
      <article
        className="small-movie-card catalog__movies-card"
        onClick={[Function]}
      >
        <video
          height="175"
          width="250"
        />
        <h3
          className="small-movie-card__title"
        >
          <a
            className="small-movie-card__link"
            href="/films/mock-test-022"
            onClick={[Function]}
          />
        </h3>
      </article>
      <article
        className="small-movie-card catalog__movies-card"
        onClick={[Function]}
      >
        <video
          height="175"
          width="250"
        />
        <h3
          className="small-movie-card__title"
        >
          <a
            className="small-movie-card__link"
            href="/films/mock-test-023"
            onClick={[Function]}
          />
        </h3>
      </article>
      <article
        className="small-movie-card catalog__movies-card"
        onClick={[Function]}
      >
        <video
          height="175"
          width="250"
        />
        <h3
          className="small-movie-card__title"
        >
          <a
            className="small-movie-card__link"
            href="/films/mock-test-024"
            onClick={[Function]}
          />
        </h3>
      </article>
      <article
        className="small-movie-card catalog__movies-card"
        onClick={[Function]}
      >
        <video
          height="175"
          width="250"
        />
        <h3
          className="small-movie-card__title"
        >
          <a
            className="small-movie-card__link"
            href="/films/mock-test-025"
            onClick={[Function]}
          />
        </h3>
      </article>
      <article
        className="small-movie-card catalog__movies-card"
        onClick={[Function]}
      >
        <video
          height="175"
          width="250"
        />
        <h3
          className="small-movie-card__title"
        >
          <a
            className="small-movie-card__link"
            href="/films/mock-test-026"
            onClick={[Function]}
          />
        </h3>
      </article>
    </div>
  </section>
  <footer
    className="page-footer"
  >
    <div
      className="logo"
    >
      <a
        className="logo__link logo__link--light"
      >
        <span
          className="logo__letter logo__letter--1"
        >
          W
        </span>
        <span
          className="logo__letter logo__letter--2"
        >
          T
        </span>
        <span
          className="logo__letter logo__letter--3"
        >
          W
        </span>
      </a>
    </div>
    <div
      className="copyright"
    >
      <p>
        Â© 2019 What to watch Ltd.
      </p>
    </div>
  </footer>
</div>
`;
