// Jest Snapshot v1, https://goo.gl/fbAQLP

exports[`Render App 1`] = `
<ul
  className="catalog__genres-list"
>
  <li
    className="catalog__genres-item catalog__genres-item--active"
  >
    <a
      className="catalog__genres-link"
      href="#"
      onClick={[Function]}
    >
      All genres
    </a>
  </li>
  <li
    className="catalog__genres-item "
  >
    <a
      className="catalog__genres-link"
      href="#"
      onClick={[Function]}
    >
      Mock-test-Drama
    </a>
  </li>
  <li
    className="catalog__genres-item "
  >
    <a
      className="catalog__genres-link"
      href="#"
      onClick={[Function]}
    >
      Mock-test-Thriller
    </a>
  </li>
  <li
    className="catalog__genres-item "
  >
    <a
      className="catalog__genres-link"
      href="#"
      onClick={[Function]}
    >
      Mock-test-Comedy
    </a>
  </li>
  <li
    className="catalog__genres-item "
  >
    <a
      className="catalog__genres-link"
      href="#"
      onClick={[Function]}
    >
      Drama
    </a>
  </li>
  <li
    className="catalog__genres-item "
  >
    <a
      className="catalog__genres-link"
      href="#"
      onClick={[Function]}
    >
      Thriller
    </a>
  </li>
  <li
    className="catalog__genres-item "
  >
    <a
      className="catalog__genres-link"
      href="#"
      onClick={[Function]}
    >
      Comedy
    </a>
  </li>
</ul>
`;
