// Jest Snapshot v1, https://goo.gl/fbAQLP

exports[`Render App 1`] = `
<article
  className="small-movie-card catalog__movies-card"
  onClick={[Function]}
>
  <video
    height="175"
    width="250"
  />
  <h3
    className="small-movie-card__title"
  >
    <a
      className="small-movie-card__link"
      href="/films/grand-budapest"
      onClick={[Function]}
    >
      The Grand Budapest Hotel
    </a>
  </h3>
</article>
`;
